[2026-09-16 12:25:53] สร้างรายงาน report.txt
[2026-09-16 12:25:53] ปิดโปรแกรม (Exit)
[2026-09-16 12:27:20] เพิ่มนักศึกษา ID=69 ชื่อ=Thitiwat Thaicharoen
[2026-09-16 12:27:48] เพิ่มนักศึกษา ID=69 ชื่อ=aigus
[2026-09-16 12:28:26] เพิ่มนักศึกษา ID=68 ชื่อ=milk
[2026-09-16 12:29:04] ลงทะเบียน Student=69 -> Course=1002 (EnrollID=1)
[2026-09-16 12:31:25] สร้างรายงาน report.txt
[2026-09-16 12:31:25] ปิดโปรแกรม (Exit)
[2026-09-16 12:35:44] แก้ไขนักศึกษา ID=69
[2026-09-16 12:35:52] แก้ไขนักศึกษา ID=69
[2026-09-16 12:35:57] สร้างรายงาน report.txt
[2026-09-16 12:35:57] ปิดโปรแกรม (Exit)
[2026-09-16 12:37:09] สร้างรายงาน report.txt
[2026-09-16 12:37:09] ปิดโปรแกรม (Exit)
[2026-09-16 12:59:16] ลงทะเบียน StudentCode=6906022610067 -> Course=1001 (EnrollID=1)
[2026-09-16 12:59:45] ลงทะเบียน StudentCode=6906022610068 -> Course=2001 (EnrollID=2)
[2026-09-16 13:00:27] สร้างรายงาน report.txt
[2026-09-16 13:00:27] ปิดโปรแกรม (Exit)
[2026-09-16 13:05:12] สร้างรายงาน report.txt
[2026-09-16 13:05:12] ปิดโปรแกรม (Exit)
